E:\AI\ComfyUI-aki-v3\python\Lib\site-packages\torch\cuda\__init__.py:63: FutureWarning: The pynvml package is deprecated. Please install nvidia-ml-py instead. If you did not install pynvml directly, please report this to the maintainers of the package that installed pynvml for you.
  import pynvml  # type: ignore[import]
================================================================================================
bitsandbytes 量化档位微基准
================================================================================================
torch 2.9.1+cu130  cuda 13.0  bnb 0.49.2  gpu NVIDIA GeForce RTX 4090 D
显存：可用 21.06 GiB / 共 23.99 GiB（注意：H3 常驻，可用小）

------------------------------------------------------------------------------------------------
【离群列检测】threshold=6.0（transformers 默认）在真实量级的激活上挑出多少列
------------------------------------------------------------------------------------------------
C:\Users\ADMIN\WorkBuddy\2026-10-06-18-56-50\h3_workflow\bench_bnb_quant.py:130: UserWarning: expandable_segments not supported on this platform (Triggered internally at C:\actions-runner\_work\pytorch\pytorch\pytorch\c10/cuda/CUDAAllocatorConfig.h:35.)
  a = (torch.randn(bs, in_f, device=DEV, dtype=torch.bfloat16) * 3.0)
  mlp_up  4096->12288    decode   scale=1 σ:  189 列 (4.6%) | scale=3 σ: 2034 列 (49.7%) | scale=6 σ: 2989 列 (73.0%)
  mlp_up  4096->12288    prefill  scale=1 σ: 4096 列 (100.0%) | scale=3 σ: 4096 列 (100.0%) | scale=6 σ: 4096 列 (100.0%)
  mlp_down 12288->4096   decode   scale=1 σ:  589 列 (4.8%) | scale=3 σ: 6183 列 (50.3%) | scale=6 σ: 9026 列 (73.5%)
  mlp_down 12288->4096   prefill  scale=1 σ: 12288 列 (100.0%) | scale=3 σ: 12288 列 (100.0%) | scale=6 σ: 12288 列 (100.0%)
  linattn 4096->4096     decode   scale=1 σ:  179 列 (4.4%) | scale=3 σ: 2070 列 (50.5%) | scale=6 σ: 3020 列 (73.7%)
  linattn 4096->4096     prefill  scale=1 σ: 4096 列 (100.0%) | scale=3 σ: 4096 列 (100.0%) | scale=6 σ: 4096 列 (100.0%)

  ↳ 离群列数**随输入分布变化** → 混合内核的工作量也随之变化，
    这就是 8bit 三次跑出 6.1/2.3/2.6 tok/s 的形态来源。

------------------------------------------------------------------------------------------------
mlp_up  4096->12288   batch=1 (decode)
------------------------------------------------------------------------------------------------
  变体                      中位 ms      最快 ms         等效带宽    相对 bf16
  bf16                    0.170      0.133       552 GB/s      1.00x
E:\AI\ComfyUI-aki-v3\python\Lib\site-packages\bitsandbytes\autograd\_functions.py:123: UserWarning: MatMul8bitLt: inputs will be cast from torch.bfloat16 to float16 during quantization
  warnings.warn(f"MatMul8bitLt: inputs will be cast from {A.dtype} to float16 during quantization")
  int8 t=6.0              0.543      0.508        86 GB/s      3.20x
  int8 t=0.0              0.344      0.330       136 GB/s      2.02x
  int8 t=0.0 fp16         0.297      0.282       158 GB/s      1.75x
  int8 t=1e9              0.489      0.479        96 GB/s      2.88x
  4bit nf4                0.133      0.130       176 GB/s      0.78x

------------------------------------------------------------------------------------------------
mlp_up  4096->12288   batch=256 (prefill)
------------------------------------------------------------------------------------------------
  变体                      中位 ms      最快 ms         等效带宽    相对 bf16
  bf16                    0.230      0.225       407 GB/s      1.00x
  int8 t=6.0              0.593      0.564        79 GB/s      2.58x
  int8 t=0.0              0.362      0.346       129 GB/s      1.57x
  int8 t=0.0 fp16         0.176      0.172       267 GB/s      0.76x
  int8 t=1e9              0.583      0.571        80 GB/s      2.53x
  4bit nf4                1.053      0.797        22 GB/s      4.57x

------------------------------------------------------------------------------------------------
mlp_down 12288->4096   batch=1 (decode)
------------------------------------------------------------------------------------------------
  变体                      中位 ms      最快 ms         等效带宽    相对 bf16
  bf16                    0.159      0.158       591 GB/s      1.00x
  int8 t=6.0              0.254      0.245       184 GB/s      1.60x
  int8 t=0.0              0.423      0.229       111 GB/s      2.66x
  int8 t=0.0 fp16         0.143      0.047       327 GB/s      0.90x
  int8 t=1e9              0.487      0.478        96 GB/s      3.07x
  4bit nf4                0.095      0.094       246 GB/s      0.60x

------------------------------------------------------------------------------------------------
mlp_down 12288->4096   batch=256 (prefill)
------------------------------------------------------------------------------------------------
  变体                      中位 ms      最快 ms         等效带宽    相对 bf16
  bf16                    0.244      0.243       385 GB/s      1.00x
  int8 t=6.0              0.349      0.338       134 GB/s      1.43x
  int8 t=0.0              0.237      0.142       197 GB/s      0.97x
  int8 t=0.0 fp16         0.211      0.206       222 GB/s      0.87x
  int8 t=1e9              0.357      0.344       131 GB/s      1.46x
  4bit nf4                0.869      0.863        27 GB/s      3.57x

------------------------------------------------------------------------------------------------
linattn 4096->4096    batch=1 (decode)
------------------------------------------------------------------------------------------------
  变体                      中位 ms      最快 ms         等效带宽    相对 bf16
  bf16                    0.036      0.035       860 GB/s      1.00x
  int8 t=6.0              0.273      0.259        57 GB/s      7.52x
  int8 t=0.0              0.182      0.174        86 GB/s      5.00x
  int8 t=0.0 fp16         0.330      0.308        47 GB/s      9.07x
  int8 t=1e9              0.523      0.498        30 GB/s     14.39x
  4bit nf4                0.319      0.227        24 GB/s      8.77x

------------------------------------------------------------------------------------------------
linattn 4096->4096    batch=256 (prefill)
------------------------------------------------------------------------------------------------
  变体                      中位 ms      最快 ms         等效带宽    相对 bf16
  bf16                    0.106      0.103       294 GB/s      1.00x
  int8 t=6.0              0.592      0.571        26 GB/s      5.57x
  int8 t=0.0              0.360      0.335        43 GB/s      3.39x
  int8 t=0.0 fp16         0.289      0.277        54 GB/s      2.71x
  int8 t=1e9              0.318      0.303        49 GB/s      2.99x
  4bit nf4                0.329      0.320        24 GB/s      3.09x

================================================================================================
汇总：相对 bf16 的倍数（>1 表示比 bf16 慢）
================================================================================================
  变体                     mlp_up/b1   mlp_up/b256   mlp_down/b1 mlp_down/b256    linattn/b1  linattn/b256
  bf16                       1.00x         1.00x         1.00x         1.00x         1.00x         1.00x
  int8 t=6.0                 3.20x         2.58x         1.60x         1.43x         7.52x         5.57x
  int8 t=0.0                 2.02x         1.57x         2.66x         0.97x         5.00x         3.39x
  int8 t=0.0 fp16            1.75x         0.76x         0.90x         0.87x         9.07x         2.71x
  int8 t=1e9                 2.88x         2.53x         3.07x         1.46x        14.39x         2.99x
  4bit nf4                   0.78x         4.57x         0.60x         3.57x         8.77x         3.09x

跑完：2026-10-07 05:46:20
[W1007 05:46:20.000000000 AllocatorConfig.cpp:28] Warning: PYTORCH_CUDA_ALLOC_CONF is deprecated, use PYTORCH_ALLOC_CONF instead (function operator ())
